Microchip MPLAB XC8 Compiler V2.31

Linker command line:

-W-3 --edf=/opt/microchip/xc8/v2.31/pic/dat/en_msgs.txt -cn \
  -h+dist/default/production/spd_16f18326_v1.001.X.production.sym \
  --cmf=dist/default/production/spd_16f18326_v1.001.X.production.cmf -z \
  -Q16F18326 -o/tmp/xcXhPkMel --defsym=__MPLAB_BUILD=1 \
  -Mdist/default/production/spd_16f18326_v1.001.X.production.map -E1 \
  -ver=XC8 Compiler --acfsm=1493 -ASTACK=02154h-027EFh -pstack=STACK \
  -ACODE=00h-07FFhx8 -ASTRCODE=00h-03FFFh -ASTRING=00h-0FFhx64 \
  -ACONST=00h-0FFhx64 -AENTRY=00h-0FFhx64 -ACOMMON=070h-07Fh \
  -ABANK0=020h-06Fh -ABANK1=0A0h-0EFh -ABANK2=0120h-016Fh \
  -ABANK3=01A0h-01EFh -ABANK4=0220h-026Fh -ABANK5=02A0h-02EFh \
  -ABANK6=0320h-036Fh -ABANK7=03A0h-03EFh -ABANK8=0420h-046Fh \
  -ABANK9=04A0h-04EFh -ABANK10=0520h-056Fh -ABANK11=05A0h-05EFh \
  -ABANK12=0620h-066Fh -ABANK13=06A0h-06EFh -ABANK14=0720h-076Fh \
  -ABANK15=07A0h-07EFh -ABANK16=0820h-086Fh -ABANK17=08A0h-08EFh \
  -ABANK18=0920h-096Fh -ABANK19=09A0h-09EFh -ABANK20=0A20h-0A6Fh \
  -ABANK21=0AA0h-0AEFh -ABANK22=0B20h-0B6Fh -ABANK23=0BA0h-0BEFh \
  -ABANK24=0C20h-0C6Fh -ABANK25=0CA0h-0CBFh -ABIGRAM=02000h-027EFh \
  -ARAM=020h-06Fh,0A0h-0EFh,0120h-016Fh,01A0h-01EFh,0220h-026Fh,02A0h-02EFh,0320h-036Fh,03A0h-03EFh,0420h-046Fh,04A0h-04EFh,0520h-056Fh,05A0h-05EFh,0620h-066Fh,06A0h-06EFh,0720h-076Fh,07A0h-07EFh,0820h-086Fh,08A0h-08EFh,0920h-096Fh,09A0h-09EFh,0A20h-0A6Fh,0AA0h-0AEFh,0B20h-0B6Fh,0BA0h-0BEFh,0C20h-0C6Fh,0CA0h-0CBFh \
  -AABS1=020h-07Fh,0A0h-0EFh,0120h-016Fh,01A0h-01EFh,0220h-026Fh,02A0h-02EFh,0320h-036Fh,03A0h-03EFh,0420h-046Fh,04A0h-04EFh,0520h-056Fh,05A0h-05EFh,0620h-066Fh,06A0h-06EFh,0720h-076Fh,07A0h-07EFh,0820h-086Fh,08A0h-08EFh,0920h-096Fh,09A0h-09EFh,0A20h-0A6Fh,0AA0h-0AEFh,0B20h-0B6Fh,0BA0h-0BEFh,0C20h-0C6Fh,0CA0h-0CBFh \
  -ASFR0=00h-01Fh -ASFR1=080h-09Fh -ASFR2=0100h-011Fh -ASFR3=0180h-019Fh \
  -ASFR4=0200h-021Fh -ASFR5=0280h-029Fh -ASFR6=0300h-031Fh \
  -ASFR7=0380h-039Fh -ASFR8=0400h-041Fh -ASFR9=0480h-049Fh \
  -ASFR10=0500h-051Fh -ASFR11=0580h-059Fh -ASFR12=0600h-061Fh \
  -ASFR13=0680h-069Fh -ASFR14=0700h-071Fh -ASFR15=0780h-079Fh \
  -ASFR16=0800h-081Fh -ASFR17=0880h-089Fh -ASFR18=0900h-091Fh \
  -ASFR19=0980h-099Fh -ASFR20=0A00h-0A1Fh -ASFR21=0A80h-0A9Fh \
  -ASFR22=0B00h-0B1Fh -ASFR23=0B80h-0B9Fh -ASFR24=0C00h-0C1Fh \
  -ASFR25=0C80h-0C9Fh -ASFR26=0D00h-0D6Fh -ASFR27=0D80h-0DEFh \
  -ASFR28=0E00h-0E6Fh -ASFR29=0E80h-0EEFh -ASFR30=0F00h-0F6Fh \
  -ASFR31=0F80h-0FEFh -ACONFIG=08007h-0800Ah -DCONFIG=2 \
  -AIDLOC=08000h-08003h -DIDLOC=2 -AEEDATA=00h-0FFh/0F000h \
  -peeprom_data=EEDATA -DEEDATA=2 -DCODE=2 -DSTRCODE=2 -DSTRING=2 -DCONST=2 \
  -DENTRY=2 -preset_vec=00h,intentry=04h,init,end_init -ppowerup=CODE \
  -pcinit=CODE -pfunctab=ENTRY -k /tmp/xcXdAnNhm.o \
  dist/default/production/spd_16f18326_v1.001.X.production.o 

Object code version is 3.11

Machine type is 16F18326



                Name                               Link     Load   Length Selector   Space Scale
/tmp/xcXdAnNhm.o
                end_init                             44       44        2        8       0
                reset_vec                             0        0        2        0       0
                config                             8007     8007        4        0       4
                idloc                              8000     8000        4        0       5
dist/default/production/spd_16f18326_v1.001.X.production.o
                cinit                                46       46       36        8       0
                intentry                              4        4       40        8       0
                config                             8007     8007        4        0       4
                idloc                              8000     8000        4        0       5
                codecov_info                          0        0     3434        0       6
                codecov_info_hdr                      0        0       10        0       6
                text114                            27A0     27A0        E     4F40       0
                text113                            2681     2681        8     4D02       0
                text112                            1001     1001       46     2002       0
                text111                            1B98     1B98       2B     3730       0
                text110                            1A5A     1A5A       1E     34B4       0
                text109                            26C7     26C7        B     4D8E       0
                text108                            19CC     19CC       1C     3398       0
                text107                            1913     1913       19     3226       0
                text106                            26D2     26D2        B     4DA4       0
                text105                            18FB     18FB       18     31F6       0
                text104                            267A     267A        7     4CF4       0
                text103                            1ABB     1ABB       23     3576       0
                text102                             2D3      2D3      257        8       0
                text101                            10BA     10BA       75     2174       0
                text100                            1236     1236       AC     246C       0
                text99                             2740     2740        C     4E80       0
                text98                             16FF     16FF      101     2DFE       0
                text97                             1528     1528       EA     2A50       0
                text96                             192C     192C       1A     3258       0
                text95                             1946     1946       1A     328C       0
                text94                             1FA1     1FA1       5F     3F42       0
                text93                              CFE      CFE      172     19FC       0
                text92                              709      709       F2        8       0
                text91                             1C71     1C71       31     38E2       0
                text90                             1856     1856       13     30AC       0
                text89                             1451     1451       D7     28A2       0
                text88                             266C     266C        3     4CD8       0
                text87                             19E8     19E8       1C     33D0       0
                text86                             181A     181A        7     3034       0
                text85                             2689     2689        8     4D12       0
                text84                             18B9     18B9       16     3172       0
                text83                             2691     2691        8     4D22       0
                text82                             138F     138F       C2     271E       0
                text81                             266F     266F        3     4CDE       0
                text80                             187C     187C       14     30F8       0
                text78                             1A78     1A78       21     34F0       0
                text77                             26DD     26DD        B     4DBA       0
                text76                             26E8     26E8        B     4DD0       0
                text75                             26F3     26F3        B     4DE6       0
                text74                             26FE     26FE        B     4DFC       0
                text73                             1B4A     1B4A       27     3694       0
                text72                             2709     2709        B     4E12       0
                text71                             1CD4     1CD4       33     39A8       0
                text70                             27BD     27BD       10     4F7A       0
                text69                             274C     274C        C     4E98       0
                text68                             2758     2758        C     4EB0       0
                text67                             2714     2714        B     4E28       0
                text66                             1A20     1A20       1D     3440       0
                text65                             271F     271F        B     4E3E       0
                text64                             1960     1960       1B     32C0       0
                text63                             272A     272A        B     4E54       0
                text62                             1890     1890       14     3120       0
                text61                             18A4     18A4       15     3148       0
                text60                             2764     2764        C     4EC8       0
                text59                             2770     2770        C     4EE0       0
                text58                              7FB      7FB        5        8       0
                text57                             1C44     1C44       2D     3888       0
                text56                             26B3     26B3        A     4D66       0
                text55                              85D      85D      105     10BA       0
                text54                             1612     1612       ED     2C24       0
                text53                             1A04     1A04       1C     3408       0
                text52                             27CD     27CD       11     4F9A       0
                text51                             26A1     26A1        9     4D42       0
                text50                             1DB9     1DB9       49     3B72       0
                text49                             1BC3     1BC3       2B     3786       0
                text48                             197B     197B       1B     32F6       0
                text47                             1F43     1F43       5E     3E86       0
                jmp_tab__pad                       2299     2299        2     44F6       0
                text46                              B8D      B8D      171     171A       0
                jmp_tab__dtoa                      2297     2297        2     44F6       0
                text45                              962      962      109     12C4       0
                jmp_tab__vfpfcnvrt                 2295     2295        2     44F6       0
                text44                             1D07     1D07       36     3A0E       0
                jmp_tab__vfprintf                  2293     2293        2     44F6       0
                text43                             18CF     18CF       16     319E       0
                text42                             1A99     1A99       22     3532       0
                text41                             1047     1047       73     208E       0
                text40                             277C     277C        C     4EF8       0
                text39                             1A3D     1A3D       1D     347A       0
                text38                             1996     1996       1B     332C       0
                text37                             18E5     18E5       16     31CA       0
                text36                             2672     2672        4     4CE4       0
                text35                             1E02     1E02       49     3C04       0
                text34                             1B01     1B01       24     3602       0
                text33                               7C       7C      257        8       0
                text32                             112F     112F       75     225E       0
                text31                             12E2     12E2       AD     25C4       0
                text30                             1D3D     1D3D       37     3A7A       0
                text29                             1D74     1D74       45     3AE8       0
                text28                             1BEE     1BEE       2B     37DC       0
                text27                             1EED     1EED       56     3DDA       0
                text26                             1E9A     1E9A       53     3D34       0
                text25                             27DE     27DE       11     4FBC       0
                text24                             1ADE     1ADE       23     35BC       0
                text23                             1832     1832       12     3064       0
                text22                             2735     2735        B     4E6A       0
                text21                             27EF     27EF       11     4FDE       0
                text20                             26BD     26BD        A     4D7A       0
                text19                             2788     2788        C     4F10       0
                text18                             2794     2794        C     4F28       0
                text17                             1B71     1B71       27     36E2       0
                text16                             2676     2676        4     4CEC       0
                text15                             1869     1869       13     30D2       0
                text14                             1821     1821       11     3042       0
                text13                             1E4B     1E4B       4F     3C96       0
                text12                             27AE     27AE        F     4F5C       0
                jmp_tab__eeprom_read_error_han     2291     2291        2     44F6       0
                text11                              E70      E70      190     1CE0       0
                text10                             1B25     1B25       25     364A       0
                text9                               A6B      A6B      122     14D6       0
                jmp_tab__read_correction           228D     228D        4     44F6       0
                text8                              11A4     11A4       92     2348       0
                text7                              1C19     1C19       2B     3832       0
                text6                              1CA2     1CA2       32     3944       0
                text5                              26AA     26AA        9     4D54       0
                text4                              1844     1844       12     3088       0
                text3                              19B1     19B1       1B     3362       0
                text2                              2699     2699        8     4D32       0
                text1                               806      806       57     100C       0
                jmp_tab__puts                      1800     1800       1A     3000       0
                jmp_tab__write_correction          227B     227B        A     44F6       0
                jmp_tab__button_check              2289     2289        4     44F6       0
                jmp_tab__spd_init                     2        2        2        4       0
                jmp_tab__printf                    2285     2285        4     44F6       0
                maintext                            52A      52A      1DF        8       0
                cstackBANK0                          20       20       4E       20       1
                cstackCOMMON                         70       70        E       70       1
                cstackBANK1                          A0       A0       44       A0       1
                cstackBANK2                         129      129       2E      120       1
                cstackBANK4                         220      220       14      220       1
                clrtext                             800      800        6     1000       0
                bssBANK3                            1A0      1A0       34      1A0       1
                bitbssBANK3                         EA0      1D4       1F      1A0       1     8
                dataBANK2                           16F      16F        1      120       1
                bssBANK2                            157      157       16      120       1
                bitbssBANK2                         900      120       48      120       1     8
                bssBANK1                             EC       EC        4       A0       1
                bitbssBANK1                         720       E4       40       A0       1     8
                bitbssBANK0                         370       6E       10       20       1     8
                stringtext21                       280D     280D        C     5000       0
                stringtext20                       2800     2800        D     5000       0
                stringtext19                       2264     2264       17     4000       0
                stringtext18                       224B     224B       19     4000       0
                stringtext17                       2230     2230       1B     4000       0
                stringtext16                       2214     2214       1C     4000       0
                stringtext15                       21F7     21F7       1D     4000       0
                stringtext14                       21DA     21DA       1D     4000       0
                stringtext13                       21BD     21BD       1D     4000       0
                stringtext12                       219F     219F       1E     4000       0
                stringtext11                       2180     2180       1F     4000       0
                stringtext10                       215F     215F       21     4000       0
                stringtext9                        213E     213E       21     4000       0
                stringtext8                        211D     211D       21     4000       0
                stringtext7                        20FB     20FB       22     4000       0
                stringtext6                        20D7     20D7       24     4000       0
                stringtext5                        20B1     20B1       26     4000       0
                stringtext4                        208A     208A       27     4000       0
                stringtext3                        205E     205E       2C     4000       0
                stringtext2                        2030     2030       2E     4000       0
                stringtext1                        2000     2000       30     4000       0
                nvBANK3                             1D8      1D8       10      1A0       1
                nvBANK2                             16D      16D        2      120       1
                idataBANK2                         1000     1000        1     1CE0       0

TOTAL           Name                               Link     Load   Length     Space
        CLASS   STACK          

        CLASS   CODE           
                end_init                             44       44        2         0
                cinit                                46       46       36         0
                intentry                              4        4       40         0
                reset_vec                             0        0        2         0
                text114                            27A0     27A0        E         0
                text113                            2681     2681        8         0
                text112                            1001     1001       46         0
                text111                            1B98     1B98       2B         0
                text110                            1A5A     1A5A       1E         0
                text109                            26C7     26C7        B         0
                text108                            19CC     19CC       1C         0
                text107                            1913     1913       19         0
                text106                            26D2     26D2        B         0
                text105                            18FB     18FB       18         0
                text104                            267A     267A        7         0
                text103                            1ABB     1ABB       23         0
                text102                             2D3      2D3      257         0
                text101                            10BA     10BA       75         0
                text100                            1236     1236       AC         0
                text99                             2740     2740        C         0
                text98                             16FF     16FF      101         0
                text97                             1528     1528       EA         0
                text96                             192C     192C       1A         0
                text95                             1946     1946       1A         0
                text94                             1FA1     1FA1       5F         0
                text93                              CFE      CFE      172         0
                text92                              709      709       F2         0
                text91                             1C71     1C71       31         0
                text90                             1856     1856       13         0
                text89                             1451     1451       D7         0
                text88                             266C     266C        3         0
                text87                             19E8     19E8       1C         0
                text86                             181A     181A        7         0
                text85                             2689     2689        8         0
                text84                             18B9     18B9       16         0
                text83                             2691     2691        8         0
                text82                             138F     138F       C2         0
                text81                             266F     266F        3         0
                text80                             187C     187C       14         0
                text78                             1A78     1A78       21         0
                text77                             26DD     26DD        B         0
                text76                             26E8     26E8        B         0
                text75                             26F3     26F3        B         0
                text74                             26FE     26FE        B         0
                text73                             1B4A     1B4A       27         0
                text72                             2709     2709        B         0
                text71                             1CD4     1CD4       33         0
                text70                             27BD     27BD       10         0
                text69                             274C     274C        C         0
                text68                             2758     2758        C         0
                text67                             2714     2714        B         0
                text66                             1A20     1A20       1D         0
                text65                             271F     271F        B         0
                text64                             1960     1960       1B         0
                text63                             272A     272A        B         0
                text62                             1890     1890       14         0
                text61                             18A4     18A4       15         0
                text60                             2764     2764        C         0
                text59                             2770     2770        C         0
                text58                              7FB      7FB        5         0
                text57                             1C44     1C44       2D         0
                text56                             26B3     26B3        A         0
                text55                              85D      85D      105         0
                text54                             1612     1612       ED         0
                text53                             1A04     1A04       1C         0
                text52                             27CD     27CD       11         0
                text51                             26A1     26A1        9         0
                text50                             1DB9     1DB9       49         0
                text49                             1BC3     1BC3       2B         0
                text48                             197B     197B       1B         0
                text47                             1F43     1F43       5E         0
                text46                              B8D      B8D      171         0
                text45                              962      962      109         0
                text44                             1D07     1D07       36         0
                text43                             18CF     18CF       16         0
                text42                             1A99     1A99       22         0
                text41                             1047     1047       73         0
                text40                             277C     277C        C         0
                text39                             1A3D     1A3D       1D         0
                text38                             1996     1996       1B         0
                text37                             18E5     18E5       16         0
                text36                             2672     2672        4         0
                text35                             1E02     1E02       49         0
                text34                             1B01     1B01       24         0
                text33                               7C       7C      257         0
                text32                             112F     112F       75         0
                text31                             12E2     12E2       AD         0
                text30                             1D3D     1D3D       37         0
                text29                             1D74     1D74       45         0
                text28                             1BEE     1BEE       2B         0
                text27                             1EED     1EED       56         0
                text26                             1E9A     1E9A       53         0
                text25                             27DE     27DE       11         0
                text24                             1ADE     1ADE       23         0
                text23                             1832     1832       12         0
                text22                             2735     2735        B         0
                text21                             27EF     27EF       11         0
                text20                             26BD     26BD        A         0
                text19                             2788     2788        C         0
                text18                             2794     2794        C         0
                text17                             1B71     1B71       27         0
                text16                             2676     2676        4         0
                text15                             1869     1869       13         0
                text14                             1821     1821       11         0
                text13                             1E4B     1E4B       4F         0
                text12                             27AE     27AE        F         0
                text11                              E70      E70      190         0
                text10                             1B25     1B25       25         0
                text9                               A6B      A6B      122         0
                text8                              11A4     11A4       92         0
                text7                              1C19     1C19       2B         0
                text6                              1CA2     1CA2       32         0
                text5                              26AA     26AA        9         0
                text4                              1844     1844       12         0
                text3                              19B1     19B1       1B         0
                text2                              2699     2699        8         0
                text1                               806      806       57         0
                maintext                            52A      52A      1DF         0
                clrtext                             800      800        6         0
                idataBANK2                         1000     1000        1         0

        CLASS   STRCODE        
                stringtext21                       280D     280D        C         0
                stringtext20                       2800     2800        D         0
                stringtext19                       2264     2264       17         0
                stringtext18                       224B     224B       19         0
                stringtext17                       2230     2230       1B         0
                stringtext16                       2214     2214       1C         0
                stringtext15                       21F7     21F7       1D         0
                stringtext14                       21DA     21DA       1D         0
                stringtext13                       21BD     21BD       1D         0
                stringtext12                       219F     219F       1E         0
                stringtext11                       2180     2180       1F         0
                stringtext10                       215F     215F       21         0
                stringtext9                        213E     213E       21         0
                stringtext8                        211D     211D       21         0
                stringtext7                        20FB     20FB       22         0
                stringtext6                        20D7     20D7       24         0
                stringtext5                        20B1     20B1       26         0
                stringtext4                        208A     208A       27         0
                stringtext3                        205E     205E       2C         0
                stringtext2                        2030     2030       2E         0
                stringtext1                        2000     2000       30         0

        CLASS   STRING         

        CLASS   CONST          

        CLASS   ENTRY          
                jmp_tab__pad                       2299     2299        2         0
                jmp_tab__dtoa                      2297     2297        2         0
                jmp_tab__vfpfcnvrt                 2295     2295        2         0
                jmp_tab__vfprintf                  2293     2293        2         0
                jmp_tab__eeprom_read_error_han     2291     2291        2         0
                jmp_tab__read_correction           228D     228D        4         0
                jmp_tab__puts                      1800     1800       1A         0
                jmp_tab__write_correction          227B     227B        A         0
                jmp_tab__button_check              2289     2289        4         0
                jmp_tab__spd_init                     2        2        2         0
                jmp_tab__printf                    2285     2285        4         0

        CLASS   COMMON         
                cstackCOMMON                         70       70        E         1

        CLASS   BANK0          
                cstackBANK0                          20       20       4E         1
                bitbssBANK0                         370       6E       10         1

        CLASS   BANK1          
                cstackBANK1                          A0       A0       44         1
                bssBANK1                             EC       EC        4         1
                bitbssBANK1                         720       E4       40         1

        CLASS   BANK2          
                cstackBANK2                         129      129       2E         1
                dataBANK2                           16F      16F        1         1
                bssBANK2                            157      157       16         1
                bitbssBANK2                         900      120       48         1
                nvBANK2                             16D      16D        2         1

        CLASS   BANK3          
                bssBANK3                            1A0      1A0       34         1
                bitbssBANK3                         EA0      1D4       1F         1
                nvBANK3                             1D8      1D8       10         1

        CLASS   BANK4          
                cstackBANK4                         220      220       14         1

        CLASS   BANK5          

        CLASS   BANK6          

        CLASS   BANK7          

        CLASS   BANK8          

        CLASS   BANK9          

        CLASS   BANK10         

        CLASS   BANK11         

        CLASS   BANK12         

        CLASS   BANK13         

        CLASS   BANK14         

        CLASS   BANK15         

        CLASS   BANK16         

        CLASS   BANK17         

        CLASS   BANK18         

        CLASS   BANK19         

        CLASS   BANK20         

        CLASS   BANK21         

        CLASS   BANK22         

        CLASS   BANK23         

        CLASS   BANK24         

        CLASS   BANK25         

        CLASS   BIGRAM         

        CLASS   RAM            

        CLASS   ABS1           
                abs_s1                               7E       7E        2         1

        CLASS   SFR0           

        CLASS   SFR1           

        CLASS   SFR2           

        CLASS   SFR3           

        CLASS   SFR4           

        CLASS   SFR5           

        CLASS   SFR6           

        CLASS   SFR7           

        CLASS   SFR8           

        CLASS   SFR9           

        CLASS   SFR10          

        CLASS   SFR11          

        CLASS   SFR12          

        CLASS   SFR13          

        CLASS   SFR14          

        CLASS   SFR15          

        CLASS   SFR16          

        CLASS   SFR17          

        CLASS   SFR18          

        CLASS   SFR19          

        CLASS   SFR20          

        CLASS   SFR21          

        CLASS   SFR22          

        CLASS   SFR23          

        CLASS   SFR24          

        CLASS   SFR25          

        CLASS   SFR26          

        CLASS   SFR27          

        CLASS   SFR28          

        CLASS   SFR29          

        CLASS   SFR30          

        CLASS   SFR31          

        CLASS   CONFIG         
                config                             8007     8007        4         4

        CLASS   IDLOC          
                idloc                              8000     8000        4         5

        CLASS   EEDATA         

        CLASS   BANK31         

        CLASS   BANK30         

        CLASS   BANK29         

        CLASS   BANK28         

        CLASS   BANK27         

        CLASS   BANK26         

        CLASS   UNCLASSED
                codecov_info                          0        0     3434         6
                codecov_info_hdr                      0        0       10         6


SEGMENTS        Name                           Load    Length   Top    Selector   Space  Class     Delta

                text3                          0019B1  00001B  0019CC      3362       0  CODE        2
                text108                        0019CC  00001C  0019E8      3398       0  CODE        2
                text38                         001996  00001B  0019B1      332C       0  CODE        2
                text64                         001960  00001B  00197B      32C0       0  CODE        2
                text48                         00197B  00001B  001996      32F6       0  CODE        2
                text87                         0019E8  00001C  001A04      33D0       0  CODE        2
                text110                        001A5A  00001E  001A78      34B4       0  CODE        2
                text78                         001A78  000021  001A99      34F0       0  CODE        2
                text39                         001A3D  00001D  001A5A      347A       0  CODE        2
                text53                         001A04  00001C  001A20      3408       0  CODE        2
                text66                         001A20  00001D  001A3D      3440       0  CODE        2
                jmp_tab__puts                  001800  00001A  00181A      3000       0  ENTRY       2
                text61                         0018A4  000015  0018B9      3148       0  CODE        2
                text84                         0018B9  000016  0018CF      3172       0  CODE        2
                text62                         001890  000014  0018A4      3120       0  CODE        2
                text15                         001869  000013  00187C      30D2       0  CODE        2
                text80                         00187C  000014  001890      30F8       0  CODE        2
                text43                         0018CF  000016  0018E5      319E       0  CODE        2
                text96                         00192C  00001A  001946      3258       0  CODE        2
                text95                         001946  00001A  001960      328C       0  CODE        2
                text107                        001913  000019  00192C      3226       0  CODE        2
                text37                         0018E5  000016  0018FB      31CA       0  CODE        2
                text105                        0018FB  000018  001913      31F6       0  CODE        2
                text42                         001A99  000022  001ABB      3532       0  CODE        2
                text44                         001D07  000036  001D3D      3A0E       0  CODE        2
                text30                         001D3D  000037  001D74      3A7A       0  CODE        2
                text71                         001CD4  000033  001D07      39A8       0  CODE        2
                text91                         001C71  000031  001CA2      38E2       0  CODE        2
                text6                          001CA2  000032  001CD4      3944       0  CODE        2
                text29                         001D74  000045  001DB9      3AE8       0  CODE        2
                text13                         001E4B  00004F  001E9A      3C96       0  CODE        2
                text26                         001E9A  000053  001EED      3D34       0  CODE        2
                text35                         001E02  000049  001E4B      3C04       0  CODE        2
                text112                        001001  000046  001047      2002       0  CODE        2
                text50                         001DB9  000049  001E02      3B72       0  CODE        2
                stringtext1                    002000  00027B  00227B      4000       0  STRCODE     2
                text10                         001B25  000025  001B4A      364A       0  CODE        2
                text73                         001B4A  000027  001B71      3694       0  CODE        2
                text34                         001B01  000024  001B25      3602       0  CODE        2
                text103                        001ABB  000023  001ADE      3576       0  CODE        2
                text24                         001ADE  000023  001B01      35BC       0  CODE        2
                text17                         001B71  000027  001B98      36E2       0  CODE        2
                text7                          001C19  00002B  001C44      3832       0  CODE        2
                text57                         001C44  00002D  001C71      3888       0  CODE        2
                text28                         001BEE  00002B  001C19      37DC       0  CODE        2
                text111                        001B98  00002B  001BC3      3730       0  CODE        2
                text49                         001BC3  00002B  001BEE      3786       0  CODE        2
                text90                         001856  000013  001869      30AC       0  CODE        2
                text56                         0026B3  00000A  0026BD      4D66       0  CODE        2
                text20                         0026BD  00000A  0026C7      4D7A       0  CODE        2
                text5                          0026AA  000009  0026B3      4D54       0  CODE        2
                text2                          002699  000008  0026A1      4D32       0  CODE        2
                text51                         0026A1  000009  0026AA      4D42       0  CODE        2
                jmp_tab__write_correction      00227B  000020  00229B      44F6       0  ENTRY       2
                text76                         0026E8  00000B  0026F3      4DD0       0  CODE        2
                text75                         0026F3  00000B  0026FE      4DE6       0  CODE        2
                text77                         0026DD  00000B  0026E8      4DBA       0  CODE        2
                text109                        0026C7  00000B  0026D2      4D8E       0  CODE        2
                text106                        0026D2  00000B  0026DD      4DA4       0  CODE        2
                text83                         002691  000008  002699      4D22       0  CODE        2
                text81                         00266F  000003  002672      4CDE       0  CODE        2
                text36                         002672  000004  002676      4CE4       0  CODE        2
                text88                         00266C  000003  00266F      4CD8       0  CODE        2
                jmp_tab__spd_init              000002  000002  000004         4       0  ENTRY       2
                text16                         002676  000004  00267A      4CEC       0  CODE        2
                text113                        002681  000008  002689      4D02       0  CODE        2
                text85                         002689  000008  002691      4D12       0  CODE        2
                text86                         00181A  000007  001821      3034       0  CODE        2
                clrtext                        000800  000006  000806      1000       0  CODE        2
                text104                        00267A  000007  002681      4CF4       0  CODE        2
                text74                         0026FE  00000B  002709      4DFC       0  CODE        2
                text12                         0027AE  00000F  0027BD      4F5C       0  CODE        2
                text70                         0027BD  000010  0027CD      4F7A       0  CODE        2
                text114                        0027A0  00000E  0027AE      4F40       0  CODE        2
                text18                         002794  00000C  0027A0      4F28       0  CODE        2
                stringtext20                   002800  000019  002819      5000       0  STRCODE     2
                text52                         0027CD  000011  0027DE      4F9A       0  CODE        2
                text23                         001832  000012  001844      3064       0  CODE        2
                text4                          001844  000012  001856      3088       0  CODE        2
                text14                         001821  000011  001832      3042       0  CODE        2
                text25                         0027DE  000011  0027EF      4FBC       0  CODE        2
                text21                         0027EF  000011  002800      4FDE       0  CODE        2
                text19                         002788  00000C  002794      4F10       0  CODE        2
                text63                         00272A  00000B  002735      4E54       0  CODE        2
                text22                         002735  00000B  002740      4E6A       0  CODE        2
                text65                         00271F  00000B  00272A      4E3E       0  CODE        2
                text72                         002709  00000B  002714      4E12       0  CODE        2
                text67                         002714  00000B  00271F      4E28       0  CODE        2
                text99                         002740  00000C  00274C      4E80       0  CODE        2
                text59                         002770  00000C  00277C      4EE0       0  CODE        2
                text40                         00277C  00000C  002788      4EF8       0  CODE        2
                text60                         002764  00000C  002770      4EC8       0  CODE        2
                text69                         00274C  00000C  002758      4E98       0  CODE        2
                text68                         002758  00000C  002764      4EB0       0  CODE        2
                cstackBANK1                    0000A0  000050  0000F0        A0       1  BANK1       1
                bitbssBANK2                    000120  000050  000170       120       1  BANK2       1
                reset_vec                      000000  000002  000002         0       0  CODE        2
                cstackBANK0                    000020  000050  000070        20       1  BANK0       1
                bssBANK3                       0001A0  000048  0001E8       1A0       1  BANK3       1
                cstackBANK4                    000220  000014  000234       220       1  BANK4       1
                intentry                       000004  0007FC  000800         8       0  CODE        2
                cstackCOMMON                   000070  00000E  00007E        70       1  COMMON      1
                text8                          0011A4  000092  001236      2348       0  CODE        2
                text32                         00112F  000075  0011A4      225E       0  CODE        2
                text100                        001236  0000AC  0012E2      246C       0  CODE        2
                text101                        0010BA  000075  00112F      2174       0  CODE        2
                text31                         0012E2  0000AD  00138F      25C4       0  CODE        2
                text41                         001047  000073  0010BA      208E       0  CODE        2
                text94                         001FA1  00005F  002000      3F42       0  CODE        2
                text82                         00138F  0000C2  001451      271E       0  CODE        2
                text89                         001451  0000D7  001528      28A2       0  CODE        2
                text1                          000806  000057  00085D      100C       0  CODE        2
                text47                         001F43  00005E  001FA1      3E86       0  CODE        2
                text27                         001EED  000056  001F43      3DDA       0  CODE        2
                text93                         000CFE  000172  000E70      19FC       0  CODE        2
                text46                         000B8D  000171  000CFE      171A       0  CODE        2
                text11                         000E70  000191  001001      1CE0       0  CODE        2
                text98                         0016FF  000101  001800      2DFE       0  CODE        2
                text54                         001612  0000ED  0016FF      2C24       0  CODE        2
                text97                         001528  0000EA  001612      2A50       0  CODE        2
                text9                          000A6B  000122  000B8D      14D6       0  CODE        2
                text45                         000962  000109  000A6B      12C4       0  CODE        2
                text55                         00085D  000105  000962      10BA       0  CODE        2


UNUSED ADDRESS RANGES

        Name                Unused          Largest block    Delta
        BANK10           00520-0056F              50           1
        BANK11           005A0-005EF              50           1
        BANK12           00620-0066F              50           1
        BANK13           006A0-006EF              50           1
        BANK14           00720-0076F              50           1
        BANK15           007A0-007EF              50           1
        BANK16           00820-0086F              50           1
        BANK17           008A0-008EF              50           1
        BANK18           00920-0096F              50           1
        BANK19           009A0-009EF              50           1
        BANK20           00A20-00A6F              50           1
        BANK21           00AA0-00AEF              50           1
        BANK22           00B20-00B6F              50           1
        BANK23           00BA0-00BEF              50           1
        BANK24           00C20-00C6F              50           1
        BANK25           00CA0-00CBF              20           1
        BANK3            001E8-001EF               8           1
        BANK4            00234-0026F              3C           1
        BANK5            002A0-002EF              50           1
        BANK6            00320-0036F              50           1
        BANK7            003A0-003EF              50           1
        BANK8            00420-0046F              50           1
        BANK9            004A0-004EF              50           1
        BIGRAM           02000-027EF             7F0           1
        CODE             0229B-0266B             3D1           2
                         02819-03FFF             800
        CONST            0229B-0266B             100           2
                         02819-03FFF             100
        EEDATA           0F000-0F0FF             100           2
        ENTRY            0229B-0266B             100           2
                         02819-03FFF             100
        RAM              001E8-001EF               8           1
                         00234-0026F              3C
                         002A0-002EF              50
                         00320-0036F              50
                         003A0-003EF              50
                         00420-0046F              50
                         004A0-004EF              50
                         00520-0056F              50
                         005A0-005EF              50
                         00620-0066F              50
                         006A0-006EF              50
                         00720-0076F              50
                         007A0-007EF              50
                         00820-0086F              50
                         008A0-008EF              50
                         00920-0096F              50
                         009A0-009EF              50
                         00A20-00A6F              50
                         00AA0-00AEF              50
                         00B20-00B6F              50
                         00BA0-00BEF              50
                         00C20-00C6F              50
                         00CA0-00CBF              20
        SFR0             00000-0001F              20           1
        SFR1             00080-0009F              20           1
        SFR10            00500-0051F              20           1
        SFR11            00580-0059F              20           1
        SFR12            00600-0061F              20           1
        SFR13            00680-0069F              20           1
        SFR14            00700-0071F              20           1
        SFR15            00780-0079F              20           1
        SFR16            00800-0081F              20           1
        SFR17            00880-0089F              20           1
        SFR18            00900-0091F              20           1
        SFR19            00980-0099F              20           1
        SFR2             00100-0011F              20           1
        SFR20            00A00-00A1F              20           1
        SFR21            00A80-00A9F              20           1
        SFR22            00B00-00B1F              20           1
        SFR23            00B80-00B9F              20           1
        SFR24            00C00-00C1F              20           1
        SFR25            00C80-00C9F              20           1
        SFR26            00D00-00D6F              70           1
        SFR27            00D80-00DEF              70           1
        SFR28            00E00-00E6F              70           1
        SFR29            00E80-00EEF              70           1
        SFR3             00180-0019F              20           1
        SFR30            00F00-00F6F              70           1
        SFR31            00F80-00FEF              70           1
        SFR4             00200-0021F              20           1
        SFR5             00280-0029F              20           1
        SFR6             00300-0031F              20           1
        SFR7             00380-0039F              20           1
        SFR8             00400-0041F              20           1
        SFR9             00480-0049F              20           1
        STACK            02154-027EF             69C           1
        STRCODE          0229B-0266B             3D1           2
                         02819-03FFF            17E7
        STRING           0229B-0266B             100           2
                         02819-03FFF             100

                                  Symbol Table

?_ADC_GetConversion                            cstackBANK1                        000A8
?_FLASH_ReadWord                               cstackBANK1                        000A8
?__Umul8_16                                    cstackBANK1                        000A8
?___aodiv                                      cstackBANK1                        000A8
?___aomod                                      cstackBANK1                        000A8
?___flmul                                      cstackBANK1                        000B6
?___fltol                                      cstackBANK1                        000D0
?___xxtofl                                     cstackBANK1                        000A8
?_abs                                          cstackBANK1                        000BB
?_button_check                                 cstackBANK2                        0014F
?_dtoa                                         cstackBANK1                        000C5
?_fputc                                        cstackBANK1                        000AA
?_fputs                                        cstackBANK1                        000B2
?_fuel_get_corr                                cstackBANK1                        000A8
?_fuel_pwm_calculate                           cstackBANK1                        000DB
?_fuel_uint_to_float                           cstackBANK1                        000D0
?_pad                                          cstackBANK1                        000BB
?_printf                                       cstackBANK2                        00144
?_read_correction                              cstackBANK1                        000C2
?_spd_get_k_corr                               cstackBANK1                        000A8
?_spd_uint_to_float                            cstackBANK1                        000D0
?_strlen                                       cstackBANK1                        000A8
?_vfpfcnvrt                                    cstackBANK2                        00129
?_vfprintf                                     cstackBANK2                        0013A
?i1__Umul8_16                                  cstackCOMMON                       00070
?i1___aodiv                                    cstackBANK0                        00020
?i1___aomod                                    cstackBANK0                        00020
?i1___flmul                                    cstackBANK0                        00020
?i1___fltol                                    cstackBANK0                        0003A
?i1___xxtofl                                   cstackCOMMON                       00070
?i1_abs                                        cstackCOMMON                       00073
?i1_dtoa                                       cstackBANK0                        00030
?i1_fputc                                      cstackCOMMON                       00072
?i1_fputs                                      cstackCOMMON                       0007A
?i1_pad                                        cstackBANK0                        00026
?i1_printf                                     cstackBANK0                        00068
?i1_strlen                                     cstackCOMMON                       00070
?i1_vfpfcnvrt                                  cstackBANK0                        0004E
?i1_vfprintf                                   cstackBANK0                        00060
ADC_GetConversion@channel                      cstackBANK1                        000AB
DATAEE_ReadByte@bAdd                           cstackBANK1                        000A8
DATAEE_WriteByte@GIEBitValue                   cstackBANK1                        000AB
DATAEE_WriteByte@bAdd                          cstackBANK1                        000A8
DATAEE_WriteByte@bData                         cstackBANK1                        000AA
EUSART_SetErrorHandler@interruptHandler        cstackBANK1                        000A8
EUSART_SetFramingErrorHandler@interruptHandler cstackBANK1                        000A8
EUSART_SetOverrunErrorHandler@interruptHandler cstackBANK1                        000A8
EUSART_Write@txData                            cstackBANK1                        000A8
FLASH_ReadWord@GIEBitValue                     cstackBANK1                        000AA
FLASH_ReadWord@flashAddr                       cstackBANK1                        000A8
PWM5_LoadDutyValue@dutyValue                   cstackBANK1                        000A8
PWM6_LoadDutyValue@dutyValue                   cstackBANK1                        000A8
TMR0_SetInterruptHandler@InterruptHandler      cstackBANK1                        000A8
TMR1_SetInterruptHandler@InterruptHandler      cstackBANK1                        000A8
TMR1_WriteTimer@timerVal                       cstackCOMMON                       00070
TMR2_SetInterruptHandler@InterruptHandler      cstackBANK1                        000A8
TMR6_LoadPeriodRegister@periodVal              cstackBANK1                        000A8
_ADACT                                         (abs)                              0009F
_ADCON0                                        (abs)                              0009D
_ADCON0bits                                    (abs)                              0009D
_ADCON1                                        (abs)                              0009E
_ADC_GetConversion                             text39                             01A3D
_ADC_Initialize                                text77                             026DD
_ADRESH                                        (abs)                              0009C
_ADRESL                                        (abs)                              0009B
_ANSELA                                        (abs)                              0018C
_ANSELC                                        (abs)                              0018E
_BAUD1CON                                      (abs)                              0019F
_DATAEE_ReadByte                               text14                             01821
_DATAEE_WriteByte                              text10                             01B25
_EUSART_DefaultErrorHandler                    (abs)                              00000
_EUSART_DefaultFramingErrorHandler             (abs)                              00000
_EUSART_DefaultOverrunErrorHandler             (abs)                              00000
_EUSART_ErrorHandler                           nvBANK3                            001E2
_EUSART_FramingErrorHandler                    nvBANK3                            001E6
_EUSART_Initialize                             text73                             01B4A
_EUSART_OverrunErrorHandler                    nvBANK3                            001E4
_EUSART_SetErrorHandler                        text76                             026E8
_EUSART_SetFramingErrorHandler                 text75                             026F3
_EUSART_SetOverrunErrorHandler                 text74                             026FE
_EUSART_Write                                  text52                             027CD
_FLASH_ReadWord                                text78                             01A78
_INLVLA                                        (abs)                              0038C
_INLVLC                                        (abs)                              0038E
_INTCONbits                                    (abs)                              0000B
_INTERRUPT_InterruptManager                    intentry                           00004
_LATA                                          (abs)                              0010C
_LATAbits                                      (abs)                              0010C
_LATC                                          (abs)                              0010E
_LATCbits                                      (abs)                              0010E
_NVMADRH                                       (abs)                              00892
_NVMADRL                                       (abs)                              00891
_NVMCON1bits                                   (abs)                              00895
_NVMCON2                                       (abs)                              00896
_NVMDATH                                       (abs)                              00894
_NVMDATL                                       (abs)                              00893
_ODCONA                                        (abs)                              0028C
_ODCONC                                        (abs)                              0028E
_OSCCON1                                       (abs)                              00919
_OSCCON3                                       (abs)                              0091B
_OSCEN                                         (abs)                              0091D
_OSCFRQ                                        (abs)                              0091F
_OSCILLATOR_Initialize                         text72                             02709
_OSCTUNE                                       (abs)                              0091E
_PIE0bits                                      (abs)                              00090
_PIE1bits                                      (abs)                              00091
_PIN_MANAGER_Initialize                        text71                             01CD4
_PIR0bits                                      (abs)                              00010
_PIR1bits                                      (abs)                              00011
_PIR2bits                                      (abs)                              00012
_PIR3bits                                      (abs)                              00013
_PMD0                                          (abs)                              00911
_PMD1                                          (abs)                              00912
_PMD2                                          (abs)                              00913
_PMD3                                          (abs)                              00914
_PMD4                                          (abs)                              00915
_PMD5                                          (abs)                              00916
_PMD_Initialize                                text70                             027BD
_PORTCbits                                     (abs)                              0000E
_PR2                                           (abs)                              0001E
_PR4                                           (abs)                              00416
_PR6                                           (abs)                              0041D
_PWM5CON                                       (abs)                              00619
_PWM5DCH                                       (abs)                              00618
_PWM5DCL                                       (abs)                              00617
_PWM5_Initialize                               text69                             0274C
_PWM5_LoadDutyValue                            text38                             01996
_PWM6CON                                       (abs)                              0061C
_PWM6DCH                                       (abs)                              0061B
_PWM6DCL                                       (abs)                              0061A
_PWM6_Initialize                               text68                             02758
_PWM6_LoadDutyValue                            text3                              019B1
_PWMTMRSbits                                   (abs)                              0061F
_RA0PPS                                        (abs)                              00E90
_RA1PPS                                        (abs)                              00E91
_RA2PPS                                        (abs)                              00E92
_RC1PPS                                        (abs)                              00EA1
_RC1REG                                        (abs)                              00199
_RC1STA                                        (abs)                              0019D
_RC1STAbits                                    (abs)                              0019D
_RXPPS                                         (abs)                              00E24
_SLRCONA                                       (abs)                              0030C
_SLRCONC                                       (abs)                              0030E
_SP1BRGH                                       (abs)                              0019C
_SP1BRGL                                       (abs)                              0019B
_SYSTEM_Initialize                             text57                             01C44
_T0CKIPPS                                      (abs)                              00E11
_T0CON0                                        (abs)                              00017
_T0CON0bits                                    (abs)                              00017
_T0CON1                                        (abs)                              00018
_T1CON                                         (abs)                              0001B
_T1CONbits                                     (abs)                              0001B
_T1GCON                                        (abs)                              0001C
_T1GCONbits                                    (abs)                              0001C
_T2CON                                         (abs)                              0001F
_T2CONbits                                     (abs)                              0001F
_T3CON                                         (abs)                              00413
_T3CONbits                                     (abs)                              00413
_T3GCON                                        (abs)                              00414
_T3GCONbits                                    (abs)                              00414
_T4CON                                         (abs)                              00417
_T4CONbits                                     (abs)                              00417
_T6CON                                         (abs)                              0041E
_T6CONbits                                     (abs)                              0041E
_TMR0H                                         (abs)                              00016
_TMR0L                                         (abs)                              00015
_TMR0_DefaultInterruptHandler                  text109                            026C7
_TMR0_ISR                                      text108                            019CC
_TMR0_Initialize                               text66                             01A20
_TMR0_InterruptHandler                         nvBANK3                            001DC
_TMR0_Reload                                   text106                            026D2
_TMR0_SetInterruptHandler                      text67                             02714
_TMR1H                                         (abs)                              0001A
_TMR1L                                         (abs)                              00019
_TMR1_DefaultInterruptHandler                  text88                             0266C
_TMR1_ISR                                      text87                             019E8
_TMR1_Initialize                               text64                             01960
_TMR1_InterruptHandler                         nvBANK3                            001DE
_TMR1_SetInterruptHandler                      text65                             0271F
_TMR1_WriteTimer                               text107                            01913
_TMR2                                          (abs)                              0001D
_TMR2IE                                        (abs)                              00489
_TMR2IF                                        (abs)                              00089
_TMR2_DefaultInterruptHandler                  text81                             0266F
_TMR2_ISR                                      text80                             0187C
_TMR2_Initialize                               text62                             01890
_TMR2_InterruptHandler                         nvBANK3                            001D8
_TMR2_SetInterruptHandler                      text63                             0272A
_TMR3H                                         (abs)                              00412
_TMR3L                                         (abs)                              00411
_TMR3_Initialize                               text61                             018A4
_TMR4                                          (abs)                              00415
_TMR4_Initialize                               text60                             02764
_TMR6                                          (abs)                              0041C
_TMR6_Initialize                               text59                             02770
_TMR6_LoadPeriodRegister                       text2                              02699
_TRISA                                         (abs)                              0008C
_TRISC                                         (abs)                              0008E
_TX1REG                                        (abs)                              0019A
_TX1STA                                        (abs)                              0019E
_TX1STAbits                                    (abs)                              0019E
_TXPPS                                         (abs)                              00E25
_WDTCON                                        (abs)                              00097
_WDT_Initialize                                text58                             007FB
_WPUA                                          (abs)                              0020C
_WPUC                                          (abs)                              0020E
__Habs1                                        abs1                               00000
__Hbank0                                       bank0                              00000
__Hbank1                                       bank1                              00000
__Hbank10                                      bank10                             00000
__Hbank11                                      bank11                             00000
__Hbank12                                      bank12                             00000
__Hbank13                                      bank13                             00000
__Hbank14                                      bank14                             00000
__Hbank15                                      bank15                             00000
__Hbank16                                      bank16                             00000
__Hbank17                                      bank17                             00000
__Hbank18                                      bank18                             00000
__Hbank19                                      bank19                             00000
__Hbank2                                       bank2                              00000
__Hbank20                                      bank20                             00000
__Hbank21                                      bank21                             00000
__Hbank22                                      bank22                             00000
__Hbank23                                      bank23                             00000
__Hbank24                                      bank24                             00000
__Hbank25                                      bank25                             00000
__Hbank26                                      bank26                             00000
__Hbank27                                      bank27                             00000
__Hbank28                                      bank28                             00000
__Hbank29                                      bank29                             00000
__Hbank3                                       bank3                              00000
__Hbank30                                      bank30                             00000
__Hbank31                                      bank31                             00000
__Hbank4                                       bank4                              00000
__Hbank5                                       bank5                              00000
__Hbank6                                       bank6                              00000
__Hbank7                                       bank7                              00000
__Hbank8                                       bank8                              00000
__Hbank9                                       bank9                              00000
__Hbigram                                      bigram                             00000
__HbitbssBANK0                                 bitbssBANK0                        00000
__HbitbssBANK1                                 bitbssBANK1                        00000
__HbitbssBANK2                                 bitbssBANK2                        00000
__HbitbssBANK3                                 bitbssBANK3                        00000
__HbssBANK1                                    bssBANK1                           00000
__HbssBANK2                                    bssBANK2                           00000
__HbssBANK3                                    bssBANK3                           00000
__Hcinit                                       cinit                              0007C
__Hclrtext                                     clrtext                            00000
__Hcode                                        code                               00000
__Hcodecov_info                                codecov_info                       03434
__Hcodecov_info_hdr                            codecov_info_hdr                   00010
__Hcommon                                      common                             00000
__Hconfig                                      config                             0800B
__HcstackBANK0                                 cstackBANK0                        00000
__HcstackBANK1                                 cstackBANK1                        00000
__HcstackBANK2                                 cstackBANK2                        00000
__HcstackBANK4                                 cstackBANK4                        00000
__HcstackCOMMON                                cstackCOMMON                       00000
__HdataBANK2                                   dataBANK2                          00000
__Heeprom_data                                 eeprom_data                        00000
__Hend_init                                    end_init                           00046
__Hfunctab                                     functab                            00000
__HidataBANK2                                  idataBANK2                         00000
__Hidloc                                       idloc                              08004
__Hinit                                        init                               00044
__Hintentry                                    intentry                           00044
__Hjmp_tab__button_check                       jmp_tab__button_check              00000
__Hjmp_tab__dtoa                               jmp_tab__dtoa                      00000
__Hjmp_tab__eeprom_read_error_handler          jmp_tab__eeprom_read_error_handler 00000
__Hjmp_tab__pad                                jmp_tab__pad                       00000
__Hjmp_tab__printf                             jmp_tab__printf                    00000
__Hjmp_tab__puts                               jmp_tab__puts                      00000
__Hjmp_tab__read_correction                    jmp_tab__read_correction           00000
__Hjmp_tab__spd_init                           jmp_tab__spd_init                  00000
__Hjmp_tab__vfpfcnvrt                          jmp_tab__vfpfcnvrt                 00000
__Hjmp_tab__vfprintf                           jmp_tab__vfprintf                  00000
__Hjmp_tab__write_correction                   jmp_tab__write_correction          00000
__Hmaintext                                    maintext                           00000
__HnvBANK2                                     nvBANK2                            00000
__HnvBANK3                                     nvBANK3                            00000
__Hpowerup                                     powerup                            00000
__Hram                                         ram                                00000
__Hreset_vec                                   reset_vec                          00002
__Hsfr0                                        sfr0                               00000
__Hsfr1                                        sfr1                               00000
__Hsfr10                                       sfr10                              00000
__Hsfr11                                       sfr11                              00000
__Hsfr12                                       sfr12                              00000
__Hsfr13                                       sfr13                              00000
[...]
      Totals:         0       0       0       0       0       0       0       0       0       0       0       0       0       0       0       0       0       0       0       0       0       0       0       0       0       0       0
Total ram usage:        0 bytes
 Hardware stack levels used:    1
 Hardware stack levels required when called:    5
 This function calls:
		i1_puts
 This function is called by:
		_TMR0_Initialize
		_TMR0_ISR
 This function uses a non-reentrant model


 *************** function i1_puts *****************
 Defined at:
		line 3 in file "/opt/microchip/xc8/v2.31/pic/sources/c99/common/puts.c"
 Parameters:    Size  Location     Type
  s               2    6[BANK0 ] PTR const unsigned char 
		 -> STR_22(44), STR_21(48), STR_20(33), STR_19(39), 
		 -> STR_18(36), STR_17(48), STR_16(30), STR_15(33), 
		 -> STR_14(33), STR_13(46), STR_10(31), STR_8(34), 
		 -> STR_7(25), STR_6(23), STR_5(29), STR_4(38), 
		 -> STR_3(27), STR_1(29), 
 Auto vars:     Size  Location     Type
  r               2    0        int 
 Return value:  Size  Location     Type
                  2    6[BANK0 ] int 
 Registers used:
		wreg, fsr0l, fsr0h, fsr1l, fsr1h, status,2, status,0, pclath, cstack
 Tracked objects:
		On entry : 
		On exit  : 
		Unchanged: 
 Data sizes:     COMMON   BANK0   BANK1   BANK2   BANK3   BANK4   BANK5   BANK6   BANK7   BANK8   BANK9  BANK10  BANK11  BANK12  BANK13  BANK14  BANK15  BANK16  BANK17  BANK18  BANK19  BANK20  BANK21  BANK22  BANK23  BANK24  BANK25
      Params:         0       2       0       0       0       0       0       0       0       0       0       0       0       0       0       0       0       0       0       0       0       0       0       0       0       0       0
      Locals:         0       3       0       0       0       0       0       0       0       0       0       0       0       0       0       0       0       0       0       0       0       0       0       0       0       0       0
      Temps:          0       0       0       0       0       0       0       0       0       0       0       0       0       0       0       0       0       0       0       0       0       0       0       0       0       0       0
      Totals:         0       5       0       0       0       0       0       0       0       0       0       0       0       0       0       0       0       0       0       0       0       0       0       0       0       0       0
Total ram usage:        5 bytes
 Hardware stack levels used:    1
 Hardware stack levels required when called:    4
 This function calls:
		i1_fputc
		i1_fputs
 This function is called by:
		_TMR0_DefaultInterruptHandler
		_led_indicate
 This function uses a non-reentrant model


 *************** function i1_fputs *****************
 Defined at:
		line 8 in file "/opt/microchip/xc8/v2.31/pic/sources/c99/common/nf_fputs.c"
 Parameters:    Size  Location     Type
  s               2   10[COMMON] PTR const unsigned char 
		 -> dbuf(32), STR_22(44), STR_21(48), STR_20(33), 
		 -> STR_19(39), STR_18(36), STR_17(48), STR_16(30), 
		 -> STR_15(33), STR_14(33), STR_13(46), STR_10(31), 
		 -> STR_8(34), STR_7(25), STR_6(23), STR_5(29), 
		 -> STR_4(38), STR_3(27), STR_1(29), 
  fp              1   12[COMMON] PTR struct _IO_FILE
		 -> NULL(0), 
 Auto vars:     Size  Location     Type
  i               2    4[BANK0 ] int 
  c               1    3[BANK0 ] unsigned char 
 Return value:  Size  Location     Type
                  2   10[COMMON] int 
 Registers used:
		wreg, fsr0l, fsr0h, fsr1l, fsr1h, status,2, status,0, pclath, cstack
 Tracked objects:
		On entry : 
		On exit  : 
		Unchanged: 
 Data sizes:     COMMON   BANK0   BANK1   BANK2   BANK3   BANK4   BANK5   BANK6   BANK7   BANK8   BANK9  BANK10  BANK11  BANK12  BANK13  BANK14  BANK15  BANK16  BANK17  BANK18  BANK19  BANK20  BANK21  BANK22  BANK23  BANK24  BANK25
      Params:         3       0       0       0       0       0       0       0       0       0       0       0       0       0       0       0       0       0       0       0       0       0       0       0       0       0       0
      Locals:         0       3       0       0       0       0       0       0       0       0       0       0       0       0       0       0       0       0       0       0       0       0       0       0       0       0       0
      Temps:          0       3       0       0       0       0       0       0       0       0       0       0       0       0       0       0       0       0       0       0       0       0       0       0       0       0       0
      Totals:         3       6       0       0       0       0       0       0       0       0       0       0       0       0       0       0       0       0       0       0       0       0       0       0       0       0       0
Total ram usage:        9 bytes
 Hardware stack levels used:    1
 Hardware stack levels required when called:    3
 This function calls:
		i1_fputc
 This function is called by:
		i1_pad
		i1_puts
 This function uses a non-reentrant model


 *************** function i1_fputc *****************
 Defined at:
		line 8 in file "/opt/microchip/xc8/v2.31/pic/sources/c99/common/nf_fputc.c"
 Parameters:    Size  Location     Type
  c               2    2[COMMON] int 
  fp              1    4[COMMON] PTR struct _IO_FILE
		 -> NULL(0), 
 Auto vars:     Size  Location     Type
		None
 Return value:  Size  Location     Type
                  2    2[COMMON] int 
 Registers used:
		wreg, fsr1l, fsr1h, status,2, status,0, pclath, cstack
 Tracked objects:
		On entry : 
		On exit  : 
		Unchanged: 
 Data sizes:     COMMON   BANK0   BANK1   BANK2   BANK3   BANK4   BANK5   BANK6   BANK7   BANK8   BANK9  BANK10  BANK11  BANK12  BANK13  BANK14  BANK15  BANK16  BANK17  BANK18  BANK19  BANK20  BANK21  BANK22  BANK23  BANK24  BANK25
      Params:         3       0       0       0       0       0       0       0       0       0       0       0       0       0       0       0       0       0       0       0       0       0       0       0       0       0       0
      Locals:         0       0       0       0       0       0       0       0       0       0       0       0       0       0       0       0       0       0       0       0       0       0       0       0       0       0       0
      Temps:          5       0       0       0       0       0       0       0       0       0       0       0       0       0       0       0       0       0       0       0       0       0       0       0       0       0       0
      Totals:         8       0       0       0       0       0       0       0       0       0       0       0       0       0       0       0       0       0       0       0       0       0       0       0       0       0       0
Total ram usage:        8 bytes
 Hardware stack levels used:    1
 Hardware stack levels required when called:    2
 This function calls:
		i1_putch
 This function is called by:
		i1_pad
		i1_vfpfcnvrt
		i1_fputs
		i1_puts
 This function uses a non-reentrant model


 *************** function i1_putch *****************
 Defined at:
		line 154 in file "mcc_generated_files/eusart.c"
 Parameters:    Size  Location     Type
  txData          1    wreg     unsigned char 
 Auto vars:     Size  Location     Type
  txData          1    1[COMMON] unsigned char 
 Return value:  Size  Location     Type
                  1    wreg      void 
 Registers used:
		wreg, status,2, status,0, pclath, cstack
 Tracked objects:
		On entry : 
		On exit  : 
		Unchanged: 
 Data sizes:     COMMON   BANK0   BANK1   BANK2   BANK3   BANK4   BANK5   BANK6   BANK7   BANK8   BANK9  BANK10  BANK11  BANK12  BANK13  BANK14  BANK15  BANK16  BANK17  BANK18  BANK19  BANK20  BANK21  BANK22  BANK23  BANK24  BANK25
      Params:         0       0       0       0       0       0       0       0       0       0       0       0       0       0       0       0       0       0       0       0       0       0       0       0       0       0       0
      Locals:         1       0       0       0       0       0       0       0       0       0       0       0       0       0       0       0       0       0       0       0       0       0       0       0       0       0       0
      Temps:          0       0       0       0       0       0       0       0       0       0       0       0       0       0       0       0       0       0       0       0       0       0       0       0       0       0       0
      Totals:         1       0       0       0       0       0       0       0       0       0       0       0       0       0       0       0       0       0       0       0       0       0       0       0       0       0       0
Total ram usage:        1 bytes
 Hardware stack levels used:    1
 Hardware stack levels required when called:    1
 This function calls:
		i1_EUSART_Write
 This function is called by:
		i1_fputc
 This function uses a non-reentrant model


 *************** function i1_EUSART_Write *****************
 Defined at:
		line 138 in file "mcc_generated_files/eusart.c"
 Parameters:    Size  Location     Type
  txData          1    wreg     unsigned char 
 Auto vars:     Size  Location     Type
  txData          1    0[COMMON] unsigned char 
 Return value:  Size  Location     Type
                  1    wreg      void 
 Registers used:
		wreg
 Tracked objects:
		On entry : 
		On exit  : 
		Unchanged: 
 Data sizes:     COMMON   BANK0   BANK1   BANK2   BANK3   BANK4   BANK5   BANK6   BANK7   BANK8   BANK9  BANK10  BANK11  BANK12  BANK13  BANK14  BANK15  BANK16  BANK17  BANK18  BANK19  BANK20  BANK21  BANK22  BANK23  BANK24  BANK25
      Params:         0       0       0       0       0       0       0       0       0       0       0       0       0       0       0       0       0       0       0       0       0       0       0       0       0       0       0
      Locals:         1       0       0       0       0       0       0       0       0       0       0       0       0       0       0       0       0       0       0       0       0       0       0       0       0       0       0
      Temps:          0       0       0       0       0       0       0       0       0       0       0       0       0       0       0       0       0       0       0       0       0       0       0       0       0       0       0
      Totals:         1       0       0       0       0       0       0       0       0       0       0       0       0       0       0       0       0       0       0       0       0       0       0       0       0       0       0
Total ram usage:        1 bytes
 Hardware stack levels used:    1
 This function calls:
		Nothing
 This function is called by:
		i1_putch
 This function uses a non-reentrant model



MODULE INFORMATION

Module		Function		Class		Link	Load	Size
fuel.c
		_fuel_percent_calculate		CODE           	1D3D	0000	55
		_fuel_low_check		CODE           	1E02	0000	73
		_fuel_init     		CODE           	1ADE	0000	35
		_fuel_pwm_calculate		CODE           	1D74	0000	69
		_fuel_get      		CODE           	1E9A	0000	83
		_fuel_calibration		CODE           	1EED	0000	86
		_fuel_get_corr 		CODE           	27DE	0000	17
		_is_fuel_low   		CODE           	2672	0000	4
		_fuel_set_low  		CODE           	18E5	0000	22
		_fuel_uint_to_float		CODE           	1BEE	0000	43
		_fuel_set_corr 		CODE           	1832	0000	18

fuel.c estimated size: 505

/opt/microchip/xc8/v2.31/pic/sources/c99/common/doprnt.c
		_vfpfcnvrt     		CODE           	0962	0000	265
		_pad           		CODE           	1F43	0000	94
		_dtoa          		CODE           	0B8D	0000	369
		_vfprintf      		CODE           	1D07	0000	54

/opt/microchip/xc8/v2.31/pic/sources/c99/common/doprnt.c estimated size: 782

mcc_generated_files/tmr6.c
		_TMR6_LoadPeriodRegister		CODE           	2699	0000	8
		_TMR6_Initialize		CODE           	2770	0000	12

mcc_generated_files/tmr6.c estimated size: 20

button.c
		_button_is_pressed		CODE           	26B3	0000	10
		_button_init   		CODE           	277C	0000	12
		_button_check  		CODE           	1047	0000	115

button.c estimated size: 137

mcc_generated_files/pwm6.c
		_PWM6_LoadDutyValue		CODE           	19B1	0000	27
		_PWM6_Initialize		CODE           	2758	0000	12

mcc_generated_files/pwm6.c estimated size: 39

mcc_generated_files/tmr4.c
		_TMR4_Initialize		CODE           	2764	0000	12

mcc_generated_files/tmr4.c estimated size: 12

/opt/microchip/xc8/v2.31/pic/sources/c99/common/abs.c
		_abs           		CODE           	1A04	0000	28

/opt/microchip/xc8/v2.31/pic/sources/c99/common/abs.c estimated size: 28

mcc_generated_files/tmr2.c
		_TMR2_ISR      		CODE           	187C	0000	20
		_TMR2_Initialize		CODE           	1890	0000	20
		_TMR2_SetInterruptHandler		CODE           	272A	0000	11
		_TMR2_DefaultInterruptHandler		CODE           	266F	0000	3

mcc_generated_files/tmr2.c estimated size: 54

mcc_generated_files/interrupt_manager.c
		_INTERRUPT_InterruptManager		CODE           	0004	0000	64

mcc_generated_files/interrupt_manager.c estimated size: 64

spd.c
		_spd_a_calibration		CODE           	1B71	0000	39
		_is_moving     		CODE           	2735	0000	11
		_spd_test_pwm  		CODE           	0806	0000	87
		_spd_init      		CODE           	11A4	0000	146
		_spd_uint_to_float		CODE           	1C19	0000	43
		_spd_adc_to_u8 		CODE           	2794	0000	12
		_spd_k_calibration		CODE           	1CA2	0000	50
		_spd_get_a_corr		CODE           	2676	0000	4
		_spd_get_k_corr		CODE           	1869	0000	19
		_spd_set_a_corr		CODE           	26AA	0000	9
		_spd_set_k_corr		CODE           	1844	0000	18
		_frequency_calculation		CODE           	1451	0000	215

spd.c estimated size: 653

/opt/microchip/xc8/v2.31/pic/sources/c99/common/nf_fputc.c
		_fputc         		CODE           	1DB9	0000	73

/opt/microchip/xc8/v2.31/pic/sources/c99/common/nf_fputc.c estimated size: 73

mcc_generated_files/tmr0.c
		_TMR0_SetInterruptHandler		CODE           	2714	0000	11
		_TMR0_Reload   		CODE           	26D2	0000	11
		_TMR0_DefaultInterruptHandler		CODE           	26C7	0000	11
		_TMR0_ISR      		CODE           	19CC	0000	28
		_TMR0_Initialize		CODE           	1A20	0000	29

mcc_generated_files/tmr0.c estimated size: 90

/opt/microchip/xc8/v2.31/pic/sources/c99/common/fleq.c
		___fleq        		CODE           	1E4B	0000	79

/opt/microchip/xc8/v2.31/pic/sources/c99/common/fleq.c estimated size: 79

/opt/microchip/xc8/v2.31/pic/sources/c99/common/puts.c
		_puts          		CODE           	1A99	0000	34

/opt/microchip/xc8/v2.31/pic/sources/c99/common/puts.c estimated size: 34

mcc_generated_files/pin_manager.c
		_PIN_MANAGER_Initialize		CODE           	1CD4	0000	51

mcc_generated_files/pin_manager.c estimated size: 51

mcc_generated_files/adc.c
		_ADC_Initialize		CODE           	26DD	0000	11
		_ADC_GetConversion		CODE           	1A3D	0000	29

mcc_generated_files/adc.c estimated size: 40

/opt/microchip/xc8/v2.31/pic/sources/c99/common/aomod.c
		___aomod       		CODE           	1612	0000	237

/opt/microchip/xc8/v2.31/pic/sources/c99/common/aomod.c estimated size: 237

eeprom.c
		_read_correction		CODE           	0E70	0000	400
		_write_correction		CODE           	0A6B	0000	290
		_eeprom_read_error_handler		CODE           	27AE	0000	15

eeprom.c estimated size: 705

/opt/microchip/xc8/v2.31/pic/sources/c99/common/printf.c
		_printf        		CODE           	18CF	0000	22

/opt/microchip/xc8/v2.31/pic/sources/c99/common/printf.c estimated size: 22

shared
		i1_printf      		CODE           	1856	0000	19
		i1_vfpfcnvrt   		CODE           	0709	0000	242
		i1_pad         		CODE           	1FA1	0000	95
		i1_abs         		CODE           	192C	0000	26
		i1_puts        		CODE           	1A5A	0000	30
		i1_putch       		CODE           	2681	0000	8
		i1_vfprintf    		CODE           	1C71	0000	49
		i1_led_set_mode		CODE           	2691	0000	8
		i1_EUSART_Write		CODE           	27A0	0000	14
		i1_is_moving   		CODE           	2740	0000	12
		i1__Umul8_16   		CODE           	1ABB	0000	35
		i1_dtoa        		CODE           	0CFE	0000	370
		i1___fltol     		CODE           	10BA	0000	117
		__initialization		CODE           	0046	0000	50
		i1_TMR6_LoadPeriodRegister		CODE           	267A	0000	7
		i1___aodiv     		CODE           	16FF	0000	257
		i1___flmul     		CODE           	02D3	0000	599
		i1___xxtofl    		CODE           	1236	0000	172
		i1___aomod     		CODE           	1528	0000	234
		i1_fputc       		CODE           	1001	0000	70
		i1_fputs       		CODE           	1B98	0000	43
		i1_strlen      		CODE           	1946	0000	26
		i1_PWM6_LoadDutyValue		CODE           	18FB	0000	24

shared estimated size: 2507

mcc_generated_files/pwm5.c
		_PWM5_LoadDutyValue		CODE           	1996	0000	27
		_PWM5_Initialize		CODE           	274C	0000	12

mcc_generated_files/pwm5.c estimated size: 39

mcc_generated_files/mcc.c
		_WDT_Initialize		CODE           	07FB	0000	5
		_PMD_Initialize		CODE           	27BD	0000	16
		_OSCILLATOR_Initialize		CODE           	2709	0000	11
		_SYSTEM_Initialize		CODE           	1C44	0000	45

mcc_generated_files/mcc.c estimated size: 77

mcc_generated_files/tmr3.c
		_TMR3_Initialize		CODE           	18A4	0000	21

mcc_generated_files/tmr3.c estimated size: 21

mcc_generated_files/tmr1.c
		_TMR1_Initialize		CODE           	1960	0000	27
		_TMR1_SetInterruptHandler		CODE           	271F	0000	11
		_TMR1_DefaultInterruptHandler		CODE           	266C	0000	3
		_TMR1_WriteTimer		CODE           	1913	0000	25
		_TMR1_ISR      		CODE           	19E8	0000	28

mcc_generated_files/tmr1.c estimated size: 94

/opt/microchip/xc8/v2.31/pic/sources/c99/common/xxtofl.c
		___xxtofl      		CODE           	12E2	0000	173

/opt/microchip/xc8/v2.31/pic/sources/c99/common/xxtofl.c estimated size: 173

mcc_generated_files/memory.c
		_FLASH_ReadWord		CODE           	1A78	0000	33
		_DATAEE_WriteByte		CODE           	1B25	0000	37
		_DATAEE_ReadByte		CODE           	1821	0000	17

mcc_generated_files/memory.c estimated size: 87

/opt/microchip/xc8/v2.31/pic/sources/c99/common/aodiv.c
		___aodiv       		CODE           	085D	0000	261

/opt/microchip/xc8/v2.31/pic/sources/c99/common/aodiv.c estimated size: 261

/opt/microchip/xc8/v2.31/pic/sources/c99/common/nf_fputs.c
		_fputs         		CODE           	1BC3	0000	43

/opt/microchip/xc8/v2.31/pic/sources/c99/common/nf_fputs.c estimated size: 43

/opt/microchip/xc8/v2.31/pic/sources/c99/common/strlen.c
		_strlen        		CODE           	197B	0000	27

/opt/microchip/xc8/v2.31/pic/sources/c99/common/strlen.c estimated size: 27

mcc_generated_files/eusart.c
		_putch         		CODE           	26A1	0000	9
		_EUSART_Write  		CODE           	27CD	0000	17
		_EUSART_Initialize		CODE           	1B4A	0000	39
		_EUSART_SetFramingErrorHandler		CODE           	26F3	0000	11
		_EUSART_SetErrorHandler		CODE           	26E8	0000	11
		_EUSART_SetOverrunErrorHandler		CODE           	26FE	0000	11

mcc_generated_files/eusart.c estimated size: 98

/opt/microchip/xc8/v2.31/pic/sources/c99/common/Umul8_16.c
		__Umul8_16     		CODE           	1B01	0000	36

/opt/microchip/xc8/v2.31/pic/sources/c99/common/Umul8_16.c estimated size: 36

main.c
		_menu_change   		CODE           	2788	0000	12
		_main          		CODE           	052A	0000	479

main.c estimated size: 491

/opt/microchip/xc8/v2.31/pic/sources/c99/common/fltol.c
		___fltol       		CODE           	112F	0000	117

/opt/microchip/xc8/v2.31/pic/sources/c99/common/fltol.c estimated size: 117

led.c
		_led_init      		CODE           	27EF	0000	17
		_led_off       		CODE           	181A	0000	7
		_led_set_mode  		CODE           	26BD	0000	10
		_led_indicate  		CODE           	138F	0000	194
		_led_on        		CODE           	2689	0000	8
		_led_toggle    		CODE           	18B9	0000	22

led.c estimated size: 258

/opt/microchip/xc8/v2.31/pic/sources/c99/common/sprcmul.c
		___flmul       		CODE           	007C	0000	599

/opt/microchip/xc8/v2.31/pic/sources/c99/common/sprcmul.c estimated size: 599

